// Jest Snapshot v1, https://goo.gl/fbAQLP

exports[`renders correctly 1`] = `
<div
  className="container"
>
  <div
    className="row"
  >
    <div
      className="clearfix jumbotron"
    >
      <div
        className="col-md-8 col-xs-8"
      >
        <h3>
          First Upload your CSV
        </h3>
      </div>
      <div
        className="col-md-4 col-xs-4"
      >
        <div
          className="form-group has-feedback"
        >
          <label
            className="control-label"
            htmlFor={undefined}
          >
            Upload your CSV File
          </label>
          <input
            accept=".csv"
            className=""
            id="uploadField"
            onChange={[Function]}
            placeholder="Choose a file"
            type="file"
            value=""
          />
          <span
            className="help-block"
            id="uploading"
          >
            please choose a CSV file from your computer
          </span>
        </div>
      </div>
    </div>
  </div>
  <div
    className="show-grid row"
  >
    <div
      className="col-md-12 col-xs-12"
    >
      
    </div>
  </div>
  <div
    className="show-grid row"
  >
    <div
      className="col-md-12 col-xs-12"
    >
      <div
        className="list-group"
      >
        
      </div>
    </div>
  </div>
</div>
`;
